// Jest Snapshot v1, https://goo.gl/fbAQLP

exports[`HomePage renders correctly 1`] = `
<div
  className="home"
>
  <div
    className="home__blurb"
  >
    <div
      className="home__blurb__hello"
    >
      hello
    </div>
    <div
      className="home__blurb__who-we-are"
    >
      we are
    </div>
    <div
      className="home__blurb__who-we-are"
    >
      a personal owned and home based
    </div>
    <div
      className="home__blurb__who-we-are"
    >
      dog boarding and daycare
    </div>
  </div>
  <div
    className="home__darby"
  />
</div>
`;
